
> portfolio@0.1.0 build
> next build

Γû▓ Next.js 16.1.6 (Turbopack)

  Creating an optimized production build ...
node.exe : Error: Can't resolve 'tw-animate-css' in 'C:\Users\asus\Desktop\Pf\portfolio\src\app'
At line:1 char:1
+ & "C:\Program Files\nodejs/node.exe" "C:\Program Files\nodejs/node_mo ...
+ ~~~~~~~~~~~~~~~~~~~~~~~~~~~~~~~~~~~~~~~~~~~~~~~~~~~~~~~~~~~~~~~~~~~~~
    + CategoryInfo          : NotSpecified: (Error: Can't re...tfolio\src\app':String) [], RemoteException
    + FullyQualifiedErrorId : NativeCommandError
 
    [2m[at finishWithoutResolve 
(C:\Users\asus\Desktop\Pf\portfolio\node_modules\enhanced-resolve\lib\Resolver.js:586:18)][0m
    [2m[at C:\Users\asus\Desktop\Pf\portfolio\node_modules\enhanced-resolve\lib\Resolver.js:678:14][0m
    [2m[at C:\Users\asus\Desktop\Pf\portfolio\node_modules\enhanced-resolve\lib\Resolver.js:739:5][0m
    [2m[at eval (eval at create (C:\Users\asus\Desktop\Pf\portfolio\node_modules\tapable\lib\HookCodeFactory.js:31:10), 
<anonymous>:15:1)][0m
    [2m[at C:\Users\asus\Desktop\Pf\portfolio\node_modules\enhanced-resolve\lib\Resolver.js:739:5][0m
    [2m[at eval (eval at create (C:\Users\asus\Desktop\Pf\portfolio\node_modules\tapable\lib\HookCodeFactory.js:31:10), 
<anonymous>:27:1)][0m
    [2m[at C:\Users\asus\Desktop\Pf\portfolio\node_modules\enhanced-resolve\lib\DescriptionFilePlugin.js:89:43][0m
    [2m[at C:\Users\asus\Desktop\Pf\portfolio\node_modules\enhanced-resolve\lib\Resolver.js:739:5][0m
    [2m[at eval (eval at create (C:\Users\asus\Desktop\Pf\portfolio\node_modules\tapable\lib\HookCodeFactory.js:31:10), 
<anonymous>:15:1)][0m
    [2m[at C:\Users\asus\Desktop\Pf\portfolio\node_modules\enhanced-resolve\lib\Resolver.js:739:5][0m {
  details: "resolve 'tw-animate-css' in 'C:\\Users\\asus\\Desktop\\Pf\\portfolio\\src\\app'\n" +
    '  Parsed request is a module\n' +
    '  using description file: C:\\Users\\asus\\Desktop\\Pf\\portfolio\\package.json (relative path: ./src/app)\n' +
    '    resolve as module\n' +
    "      C:\\Users\\asus\\Desktop\\Pf\\portfolio\\src\\app\\node_modules doesn't exist or is not a directory\n" +
    "      C:\\Users\\asus\\Desktop\\Pf\\portfolio\\src\\node_modules doesn't exist or is not a directory\n" +
    '      looking for modules in C:\\Users\\asus\\Desktop\\Pf\\portfolio\\node_modules\n' +
    '        single file module\n' +
    '          using description file: C:\\Users\\asus\\Desktop\\Pf\\portfolio\\package.json (relative path: 
./node_modules/tw-animate-css)\n' +
    '            no extension\n' +
    "              C:\\Users\\asus\\Desktop\\Pf\\portfolio\\node_modules\\tw-animate-css doesn't exist\n" +
    '            .css\n' +
    "              C:\\Users\\asus\\Desktop\\Pf\\portfolio\\node_modules\\tw-animate-css.css doesn't exist\n" +
    "        C:\\Users\\asus\\Desktop\\Pf\\portfolio\\node_modules\\tw-animate-css doesn't exist\n" +
    "      C:\\Users\\asus\\Desktop\\Pf\\node_modules doesn't exist or is not a directory\n" +
    "      C:\\Users\\asus\\Desktop\\node_modules doesn't exist or is not a directory\n" +
    "      C:\\Users\\asus\\node_modules doesn't exist or is not a directory\n" +
    "      C:\\Users\\node_modules doesn't exist or is not a directory\n" +
    "      C:\\node_modules doesn't exist or is not a directory"
}

> Build error occurred
Error: Turbopack build failed with 1 errors:
./src/app/globals.css
Error evaluating Node.js code
CssSyntaxError: tailwindcss: C:\Users\asus\Desktop\Pf\portfolio\src\app\globals.css:1:1: Can't resolve 'tw-animate-css' in 
'C:\Users\asus\Desktop\Pf\portfolio\src\app'
    at Input.error (node_modules/postcss/lib/input.js:135:16) 
[C:\Users\asus\Desktop\Pf\portfolio\.next\build\chunks\node_modules_fe693df6._.js:4651:22]
    at Root.error (node_modules/postcss/lib/node.js:146:32) 
[C:\Users\asus\Desktop\Pf\portfolio\.next\build\chunks\node_modules_fe693df6._.js:928:38]
    [at Object.Once (C:\Users\asus\Desktop\Pf\portfolio\node_modules\@tailwindcss\postcss\dist\index.js:10:6913)]
    [at process.processTicksAndRejections (node:internal/process/task_queues:105:5)]
    at async LazyResult.runAsync (node_modules/postcss/lib/lazy-result.js:293:11) 
[C:\Users\asus\Desktop\Pf\portfolio\.next\build\chunks\node_modules_fe693df6._.js:6206:21]
    at async transform (turbopack:///[turbopack-node]/transforms/postcss.ts:70:34) 
[C:\Users\asus\Desktop\Pf\portfolio\.next\build\chunks\[root-of-the-server]__51225daf._.js:146:36]
    at async run (turbopack:///[turbopack-node]/ipc/evaluate.ts:92:23) 
[C:\Users\asus\Desktop\Pf\portfolio\.next\build\chunks\[root-of-the-server]__974941ed._.js:443:31]

Import trace:
  Client Component Browser:
    ./src/app/globals.css [Client Component Browser]
    ./src/app/layout.tsx [Server Component]


    at async transform (turbopack:///[turbopack-node]/transforms/postcss.ts:70:34) 
[C:\Users\asus\Desktop\Pf\portfolio\.next\build\chunks\[root-of-the-server]__51225daf._.js:146:36])
    at async run (turbopack:///[turbopack-node]/ipc/evaluate.ts:92:23) 
[C:\Users\asus\Desktop\Pf\portfolio\.next\build\chunks\[root-of-the-server]__974941ed._.js:443:31])
